a:3
b:3
c:4
f:4
m:3
p:3
a c:3
a f:3
a m:3
c f:3
c m:3
c p:3
f m:3
a c f:3
a c m:3
a f m:3
c f m:3
a c f m:3
