20725:1460
20727:1292
21212:1190
22197:1373
22383:1260
22386:1192
22423:1862
22457:1250
22469:1201
22720:1320
47566:1634
84879:1417
85099B:2001
85123A:2215
