1133:7
1361:8
1417:6
1674:7
1689:9
2298:6
2791:6
2873:7
3121:8
3182:8
3383:9
3596:6
3639:7
3700:9
4726:7
4747:7
5030:9
5624:7
5882:6
6242:8
6440:8
6862:9
7010:7
7272:8
7310:8
7993:7
8283:9
8312:8
8810:7
9771:8
1076:10
1164:10
3221:10
3559:12
4324:10
4789:10
5276:10
6601:12
7662:11
9856:10
1076 4789:7
1076 9771:6
1674 9856:7
1689 3221:6
1689 3383:6
1689 6440:6
1689 7310:6
3221 6601:7
3221 9856:6
3559 4324:6
3559 6601:6
3559 7662:6
3700 4789:6
3700 7662:6
3700 8283:7
4789 6601:7
4789 7272:6
5276 6440:6
5276 6601:6
6242 9856:6
6440 9771:6
6601 6862:6
6601 7662:6
6601 7993:6
7662 7993:6
7662 8283:8
7662 9856:7
8283 9856:6
3700 7662 8283:6
7662 8283 9856:6
