Eggs:6
Milk:8
Beans:5
Snack:7
Cheese:6
Yogurt:9
Milk Snack:5
Cheese Milk:6
Eggs Yogurt:5
Milk Yogurt:6
Cheese Yogurt:5
Cheese Milk Yogurt:5
